#-----------------------------------------------------------
# Vivado v2023.1.1 (64-bit)
# SW Build 3900603 on Fri Jun 16 19:31:24 MDT 2023
# IP Build 3900379 on Sat Jun 17 05:28:05 MDT 2023
# SharedData Build 3899622 on Fri Jun 16 03:34:24 MDT 2023
# Start of session at: Fri Aug 16 13:17:38 2024
# Process ID: 16260
# Current directory: C:/Users/Jakub/OneDrive/Pulpit/Projekt cyfrwka v2/pulse_generator/pulse_generator.runs/synth_1
# Command line: vivado.exe -log Pulse_Generator.vds -product Vivado -mode batch -messageDb vivado.pb -notrace -source Pulse_Generator.tcl
# Log file: C:/Users/Jakub/OneDrive/Pulpit/Projekt cyfrwka v2/pulse_generator/pulse_generator.runs/synth_1/Pulse_Generator.vds
# Journal file: C:/Users/Jakub/OneDrive/Pulpit/Projekt cyfrwka v2/pulse_generator/pulse_generator.runs/synth_1\vivado.jou
# Running On: LAPTOP-RVVGJBA6, OS: Windows, CPU Frequency: 2803 MHz, CPU Physical cores: 4, Host memory: 16861 MB
#-----------------------------------------------------------
source Pulse_Generator.tcl -notrace
